d=11 H_degree=10 H=-r**10 + 4620*r**9 - 8690220*r**8 + 8667046080*r**7 - 5005219111200*r**6 + 1717791198963840*r**5 - 346421225124374400*r**4 + 39195087185500646400*r**3 - 2263516284962662329600*r**2 + 55330398076865079168000*r - 365180627307309522508800
critical_squares=10.11441114282087, 40.67718806741292, 92.37406035918712, 166.4467584431208, 264.8763932188643, 390.7352943118552, 548.8926258127930, 747.5972809158724, 1002.804127377754, 1355.481860350320
Q_degrees q=22 s=21 r=9
wall 2/10 r=40.6771880674129239
wall 2 q^1 start
wall 2 q^1 OK degree=21 endpoint0=2.49335256666092558335875824185 endpoint1=4.79841100467077078676604671537
wall 2 q^2 start
wall 2 q^2 OK degree=21 endpoint0=0.794765923700075415765297847923 endpoint1=2.29808443214820072706243434611
wall 2 q^3 start
wall 2 q^3 OK degree=21 endpoint0=0.0952270906888625902270645207321 endpoint1=0.368349137569938522302954209054
wall 2 q^4 start
wall 2 q^4 OK degree=21 endpoint0=0.00580456154670331127489775720373 endpoint1=0.0281147524438197485235923214100
wall 2 q^5 start
wall 2 q^5 OK degree=21 endpoint0=0.000208358597780014716525291992864 endpoint1=0.00121215982108095546604812439681
wall 2 q^6 start
wall 2 q^6 OK degree=21 endpoint0=0.00000481109831403584182870798163004 endpoint1=0.0000326690325865037373490461541711
wall 2 q^7 start
wall 2 q^7 OK degree=21 endpoint0=7.57445633328830335319459899043E-8 endpoint1=5.87890801226744803390695093384E-7
wall 2 q^8 start
wall 2 q^8 OK degree=21 endpoint0=8.46724941668018706321016708756E-10 endpoint1=7.39272072553798575164310182552E-9
wall 2 q^9 start
wall 2 q^9 OK degree=21 endpoint0=6.91921698042518081734017994907E-12 endpoint1=6.71067089383066584842755645156E-11
wall 2 q^10 start
wall 2 q^10 OK degree=21 endpoint0=4.22142883363862597953618795621E-14 endpoint1=4.50183404598934793932520384432E-13
wall 2 q^11 start
wall 2 q^11 OK degree=21 endpoint0=1.95211532207618773663325325910E-16 endpoint1=2.26986135233925359404519087029E-15
wall 2 q^12 start
wall 2 q^12 OK degree=21 endpoint0=6.91272144597522325766132538558E-19 endpoint1=8.70226116381276835131112485302E-18
wall 2 q^13 start
wall 2 q^13 OK degree=21 endpoint0=1.88589117325198789777986232904E-21 endpoint1=2.55485263719176016450611033834E-20
wall 2 q^14 start
wall 2 q^14 OK degree=21 endpoint0=3.97194560927943730578852432232E-24 endpoint1=5.76039998609981069967348804602E-23
wall 2 q^15 start
wall 2 q^15 OK degree=21 endpoint0=6.44470500774398108408657941669E-27 endpoint1=9.96031900154006435656258169834E-26
wall 2 q^16 start
wall 2 q^16 OK degree=21 endpoint0=8.00093325846441163472649047449E-30 endpoint1=1.31246001127858263688486726712E-28
wall 2 q^17 start
wall 2 q^17 OK degree=21 endpoint0=7.50255924630372893060098342884E-33 endpoint1=1.30159873813101894069201807179E-31
wall 2 q^18 start
wall 2 q^18 OK degree=21 endpoint0=5.20102987313012182831119322872E-36 endpoint1=9.51233006448085302323691176033E-35
wall 2 q^19 start
wall 2 q^19 OK degree=21 endpoint0=2.57392119469486645651241993707E-39 endpoint1=4.94840896910355059973333755580E-38
wall 2 q^20 start
wall 2 q^20 OK degree=21 endpoint0=8.56880428625390043517683717154E-43 endpoint1=1.72711571351175331723725153396E-41
wall 2 q^21 start
wall 2 q^21 OK degree=21 endpoint0=1.71336951528553616522549755459E-46 endpoint1=3.61194075568726192055893618131E-45
wall 2 q^22 start
wall 2 q^22 OK degree=21 endpoint0=1.54931304546357381874417983845E-50 endpoint1=3.40848870001986240123719564460E-49
wall 2 OK elapsed=12383s
RESULT d=11 TRANSVERSE_PASS elapsed=12383s
