d=11 H_degree=10 H=-r**10 + 4620*r**9 - 8690220*r**8 + 8667046080*r**7 - 5005219111200*r**6 + 1717791198963840*r**5 - 346421225124374400*r**4 + 39195087185500646400*r**3 - 2263516284962662329600*r**2 + 55330398076865079168000*r - 365180627307309522508800
critical_squares=10.11441114282087, 40.67718806741292, 92.37406035918712, 166.4467584431208, 264.8763932188643, 390.7352943118552, 548.8926258127930, 747.5972809158724, 1002.804127377754, 1355.481860350320
Q_degrees q=22 s=21 r=9
wall 1/10 r=10.1144111428208735
wall 1 q^1 start
wall 1 q^1 OK degree=21 endpoint0=1.25507602328100048768677693612 endpoint1=1.54358408953010642791546660558
wall 1 q^2 start
wall 1 q^2 OK degree=21 endpoint0=0.406664855566923598714414534725 endpoint1=0.903532472802374020253175493191
wall 1 q^3 start
wall 1 q^3 OK degree=21 endpoint0=0.0495823732136417093313262895959 endpoint1=0.159461413297668733287700876650
wall 1 q^4 start
wall 1 q^4 OK degree=21 endpoint0=0.00307811072717280520890666951573 endpoint1=0.0129591407274086567753661385850
wall 1 q^5 start
wall 1 q^5 OK degree=21 endpoint0=0.000112640896936009421900474899474 endpoint1=0.000586158047847397657151852935874
wall 1 q^6 start
wall 1 q^6 OK degree=21 endpoint0=0.00000265432859510903825351055053087 endpoint1=0.0000164491846810599986103690273411
wall 1 q^7 start
wall 1 q^7 OK degree=21 endpoint0=4.26955796746430101730914591319E-8 endpoint1=3.06984874012329222436096061266E-7
wall 1 q^8 start
wall 1 q^8 OK degree=21 endpoint0=4.88240533205888118058940665089E-10 endpoint1=3.99510127594723950289562501226E-9
wall 1 q^9 start
wall 1 q^9 OK degree=21 endpoint0=4.08692495770869761018459864705E-12 endpoint1=3.74966037701079745674021814711E-11
wall 1 q^10 start
wall 1 q^10 OK degree=21 endpoint0=2.55794351795606997657221763757E-14 endpoint1=2.60051011094112529137509287259E-13
wall 1 q^11 start
wall 1 q^11 OK degree=21 endpoint0=1.21544324305358006115951947724E-16 endpoint1=1.35613257283538989553277584758E-15
wall 1 q^12 start
wall 1 q^12 OK degree=21 endpoint0=4.43049922495944787230122400970E-19 endpoint1=5.38218479608500235560028428821E-18
wall 1 q^13 start
wall 1 q^13 OK degree=21 endpoint0=1.24667013458018834368695197141E-21 endpoint1=1.63786271687284505753563523992E-20
wall 1 q^14 start
wall 1 q^14 OK degree=21 endpoint0=2.71405010808980142690028353784E-24 endpoint1=3.83415048281762548210031355552E-23
wall 1 q^15 start
wall 1 q^15 OK degree=21 endpoint0=4.56299402587754168605134749587E-27 endpoint1=6.89713901599515774539426335809E-26
wall 1 q^16 start
wall 1 q^16 OK degree=21 endpoint0=5.88561362112025330938310986519E-30 endpoint1=9.47749208982653879640763890516E-29
wall 1 q^17 start
wall 1 q^17 OK degree=21 endpoint0=5.75139632762923402249184996658E-33 endpoint1=9.82868670087462457290863571368E-32
wall 1 q^18 start
wall 1 q^18 OK degree=21 endpoint0=4.16898839367235334788009992514E-36 endpoint1=7.53522381680332219594511322847E-35
wall 1 q^19 start
wall 1 q^19 OK degree=21 endpoint0=2.16549311157678135970404449846E-39 endpoint1=4.12708092916817945297335923570E-38
wall 1 q^20 start
wall 1 q^20 OK degree=21 endpoint0=7.59881812230125673226996501496E-43 endpoint1=1.52286305283002377156253909576E-41
wall 1 q^21 start
wall 1 q^21 OK degree=21 endpoint0=1.60919663549683635929248962288E-46 endpoint1=3.38276042015212234750631873156E-45
wall 1 q^22 start
wall 1 q^22 OK degree=21 endpoint0=1.54931304546357381874417983845E-50 endpoint1=3.40848870001986240123719564460E-49
wall 1 OK elapsed=12379s
RESULT d=11 TRANSVERSE_PASS elapsed=12379s
