d=11 H_degree=10 H=-r**10 + 4620*r**9 - 8690220*r**8 + 8667046080*r**7 - 5005219111200*r**6 + 1717791198963840*r**5 - 346421225124374400*r**4 + 39195087185500646400*r**3 - 2263516284962662329600*r**2 + 55330398076865079168000*r - 365180627307309522508800
critical_squares=10.11441114282087, 40.67718806741292, 92.37406035918712, 166.4467584431208, 264.8763932188643, 390.7352943118552, 548.8926258127930, 747.5972809158724, 1002.804127377754, 1355.481860350320
Q_degrees q=22 s=21 r=9
wall 8/10 r=747.597280915872374
wall 8 q^1 start
wall 8 q^1 OK degree=21 endpoint0=18630136.9218187779674649282410 endpoint1=335171948.418230568804668696811
wall 8 q^2 start
wall 8 q^2 OK degree=21 endpoint0=3670864.21319542168002869807419 endpoint1=66115755.6683925384409960444892
wall 8 q^3 start
wall 8 q^3 OK degree=21 endpoint0=260870.306822110989383436989863 endpoint1=4769760.68496403664492634084754
wall 8 q^4 start
wall 8 q^4 OK degree=21 endpoint0=9133.19612294357552704308414780 endpoint1=169059.265093128364745229903860
wall 8 q^5 start
wall 8 q^5 OK degree=21 endpoint0=181.701759793748748163238330750 endpoint1=3393.38255894976043974683414317
wall 8 q^6 start
wall 8 q^6 OK degree=21 endpoint0=2.24236628683376739861027901973 endpoint1=42.1415002707944878300481006922
wall 8 q^7 start
wall 8 q^7 OK degree=21 endpoint0=0.0181981869123896195267779010835 endpoint1=0.343449330540354538485994566478
wall 8 q^8 start
wall 8 q^8 OK degree=21 endpoint0=0.000101282726918737307244619673055 endpoint1=0.00191732859896329489615484821031
wall 8 q^9 start
wall 8 q^9 OK degree=21 endpoint0=3.99057395998609770087919272294E-7 endpoint1=0.00000757621664981568564685094590986
wall 8 q^10 start
wall 8 q^10 OK degree=21 endpoint0=1.14078746265766267464152739890E-9 endpoint1=2.17346836402804025888613193603E-8
wall 8 q^11 start
wall 8 q^11 OK degree=21 endpoint0=2.41113619003719494478031959079E-12 endpoint1=4.61533626395465780496767291964E-11
wall 8 q^12 start
wall 8 q^12 OK degree=21 endpoint0=3.82048395368860956938077354954E-15 endpoint1=7.35793991821164978430126110595E-14
wall 8 q^13 start
wall 8 q^13 OK degree=21 endpoint0=4.58117990911348101164546569184E-18 endpoint1=8.89081668374654971314249343932E-17
wall 8 q^14 start
wall 8 q^14 OK degree=21 endpoint0=4.17833164715773970182104779205E-21 endpoint1=8.18393431828185156215385722907E-20
wall 8 q^15 start
wall 8 q^15 OK degree=21 endpoint0=2.90037114333241982930845743630E-24 endpoint1=5.74176028824446236311735910144E-23
wall 8 q^16 start
wall 8 q^16 OK degree=21 endpoint0=1.52542134956803468389375566774E-27 endpoint1=3.05635284092121410976124022147E-26
wall 8 q^17 start
wall 8 q^17 OK degree=21 endpoint0=6.01357607073699208161786099066E-31 endpoint1=1.22096561735747537346433830729E-29
wall 8 q^18 start
wall 8 q^18 OK degree=21 endpoint0=1.74262693371619671441532440136E-34 endpoint1=3.58929518499814384010203297326E-33
wall 8 q^19 start
wall 8 q^19 OK degree=21 endpoint0=3.59084390987033782237752649035E-38 endpoint1=7.51027415723884868777687677424E-37
wall 8 q^20 start
wall 8 q^20 OK degree=21 endpoint0=4.96630394035744932933127079608E-42 endpoint1=1.05563389706853027523359192969E-40
wall 8 q^21 start
wall 8 q^21 OK degree=21 endpoint0=4.12289866357650214484755053565E-46 endpoint1=8.91290488192738707572745273966E-45
wall 8 q^22 start
wall 8 q^22 OK degree=21 endpoint0=1.54931304546357381874417983845E-50 endpoint1=3.40848870001986240123719564460E-49
wall 8 OK elapsed=12409s
RESULT d=11 TRANSVERSE_PASS elapsed=12409s
