d=11 H_degree=10 H=-r**10 + 4620*r**9 - 8690220*r**8 + 8667046080*r**7 - 5005219111200*r**6 + 1717791198963840*r**5 - 346421225124374400*r**4 + 39195087185500646400*r**3 - 2263516284962662329600*r**2 + 55330398076865079168000*r - 365180627307309522508800
critical_squares=10.11441114282087, 40.67718806741292, 92.37406035918712, 166.4467584431208, 264.8763932188643, 390.7352943118552, 548.8926258127930, 747.5972809158724, 1002.804127377754, 1355.481860350320
Q_degrees q=22 s=21 r=9
wall 6/10 r=390.735294311855176
wall 6 q^1 start
wall 6 q^1 OK degree=21 endpoint0=6405.43131784678172328178339209 endpoint1=63287.8879354203411975550809570
wall 6 q^2 start
wall 6 q^2 OK degree=21 endpoint0=1655.69007613513677747608627496 endpoint1=17368.0919904314961328003029604
wall 6 q^3 start
wall 6 q^3 OK degree=21 endpoint0=158.422896062397367316686671036 endpoint1=1775.62883150439370030998365172
wall 6 q^4 start
wall 6 q^4 OK degree=21 endpoint0=7.61624658770814522393659399158 endpoint1=90.7114935365258634745019191921
wall 6 q^5 start
wall 6 q^5 OK degree=21 endpoint0=0.212644195824515533104206890022 endpoint1=2.67772759280578643618844304140
wall 6 q^6 start
wall 6 q^6 OK degree=21 endpoint0=0.00376268501195092427950520248344 endpoint1=0.0498745055247415134373997738862
wall 6 q^7 start
wall 6 q^7 OK degree=21 endpoint0=0.0000446798122261295586227863061331 endpoint1=0.000620899794695861911278737586429
wall 6 q^8 start
wall 6 q^8 OK degree=21 endpoint0=3.70394086783152792306107137738E-7 endpoint1=0.00000537698005498037367228917555572
wall 6 q^9 start
wall 6 q^9 OK degree=21 endpoint0=2.20486786910491017128172953078E-9 endpoint1=3.33282802690805277112321257509E-8
wall 6 q^10 start
wall 6 q^10 OK degree=21 endpoint0=9.61760425934692988170381645089E-12 endpoint1=1.50937190005679320425734431384E-10
wall 6 q^11 start
wall 6 q^11 OK degree=21 endpoint0=3.11880205327055918506272937478E-14 endpoint1=5.06885822529492702481609842539E-13
wall 6 q^12 start
wall 6 q^12 OK degree=21 endpoint0=7.59319685351914949067059375931E-17 endpoint1=1.27522529706166861017434808642E-15
wall 6 q^13 start
wall 6 q^13 OK degree=21 endpoint0=1.39625971776251034598930092770E-19 endpoint1=2.41862830204767664606067720182E-18
wall 6 q^14 start
wall 6 q^14 OK degree=21 endpoint0=1.94367016383892571658314322470E-22 endpoint1=3.46749225203922161694445044547E-21
wall 6 q^15 start
wall 6 q^15 OK degree=21 endpoint0=2.04528885311181913955891616925E-25 endpoint1=3.75338144678194001207900853603E-24
wall 6 q^16 start
wall 6 q^16 OK degree=21 endpoint0=1.61730264501334430161416771017E-28 endpoint1=3.05025723325828010300152496927E-27
wall 6 q^17 start
wall 6 q^17 OK degree=21 endpoint0=9.49826659695031219875391750146E-32 endpoint1=1.83977130781722706876017244893E-30
wall 6 q^18 start
wall 6 q^18 OK degree=21 endpoint0=4.06071417856892609614239536719E-35 endpoint1=8.07359860989158551219493833163E-34
wall 6 q^19 start
wall 6 q^19 OK degree=21 endpoint0=1.22224266269855144535495936901E-38 endpoint1=2.49340492269127540707639101110E-37
wall 6 q^20 start
wall 6 q^20 OK degree=21 endpoint0=2.44472970941511543579791025267E-42 endpoint1=5.11564774769639679890184858906E-41
wall 6 q^21 start
wall 6 q^21 OK degree=21 endpoint0=2.90653861477007001521298129836E-46 endpoint1=6.23691277455323639053140041762E-45
wall 6 q^22 start
wall 6 q^22 OK degree=21 endpoint0=1.54931304546357381874417983845E-50 endpoint1=3.40848870001986240123719564460E-49
wall 6 OK elapsed=12409s
RESULT d=11 TRANSVERSE_PASS elapsed=12409s
