d=11 H_degree=10 H=-r**10 + 4620*r**9 - 8690220*r**8 + 8667046080*r**7 - 5005219111200*r**6 + 1717791198963840*r**5 - 346421225124374400*r**4 + 39195087185500646400*r**3 - 2263516284962662329600*r**2 + 55330398076865079168000*r - 365180627307309522508800
critical_squares=10.11441114282087, 40.67718806741292, 92.37406035918712, 166.4467584431208, 264.8763932188643, 390.7352943118552, 548.8926258127930, 747.5972809158724, 1002.804127377754, 1355.481860350320
Q_degrees q=22 s=21 r=9
wall 7/10 r=548.892625812793029
wall 7 q^1 start
wall 7 q^1 OK degree=21 endpoint0=220556.671096517193918412314492 endpoint1=2971964.17879415073363914377054
wall 7 q^2 start
wall 7 q^2 OK degree=21 endpoint0=51004.0102231258015058408944477 endpoint1=707008.505548643514299960830120
wall 7 q^3 start
wall 7 q^3 OK degree=21 endpoint0=4323.90790521403986362979505556 endpoint1=62328.4131587822050822051769164
wall 7 q^4 start
wall 7 q^4 OK degree=21 endpoint0=182.780976950546959671047069172 endpoint1=2730.85022658010371255548677776
wall 7 q^5 start
wall 7 q^5 OK degree=21 endpoint0=4.44923785316641925966134911716 endpoint1=68.6600207279822500939378123555
wall 7 q^6 start
wall 7 q^6 OK degree=21 endpoint0=0.0680396614133771352339756040945 endpoint1=1.08121137383428378298955717511
wall 7 q^7 start
wall 7 q^7 OK degree=21 endpoint0=0.000692050660749191397024142722970 endpoint1=0.0112925920449349035024547445170
wall 7 q^8 start
wall 7 q^8 OK degree=21 endpoint0=0.00000487124128482063602462891779517 endpoint1=0.0000814189926042824076601760317953
wall 7 q^9 start
wall 7 q^9 OK degree=21 endpoint0=2.44179686418296091827219558872E-8 endpoint1=4.17177182417217300127328106004E-7
wall 7 q^10 start
wall 7 q^10 OK degree=21 endpoint0=8.90310931109946959393948708166E-11 endpoint1=1.55228738594181207606288310410E-9
wall 7 q^11 start
wall 7 q^11 OK degree=21 endpoint0=2.39871484836236872406526090395E-13 endpoint1=4.26322295723014843572129140151E-12
wall 7 q^12 start
wall 7 q^12 OK degree=21 endpoint0=4.83060975898630854657318618615E-16 endpoint1=8.74587312334556830946939612317E-15
wall 7 q^13 start
wall 7 q^13 OK degree=21 endpoint0=7.32744890329435357990324450233E-19 endpoint1=1.35107116462893077373753834872E-17
wall 7 q^14 start
wall 7 q^14 OK degree=21 endpoint0=8.40548571645408554165395577314E-22 endpoint1=1.57841811468414411547926855013E-20
wall 7 q^15 start
wall 7 q^15 OK degree=21 endpoint0=7.29165977576865425078919013125E-25 endpoint1=1.39481052355878995522482647378E-23
wall 7 q^16 start
wall 7 q^16 OK degree=21 endpoint0=4.76090900931702667828784255067E-28 endpoint1=9.28016603972652001760439061613E-27
wall 7 q^17 start
wall 7 q^17 OK degree=21 endpoint0=2.31452787733054021301000281116E-31 endpoint1=4.59915562429480905320460955715E-30
wall 7 q^18 start
wall 7 q^18 OK degree=21 endpoint0=8.21712823456999969833271943036E-35 endpoint1=1.66519364278263965066661376739E-33
wall 7 q^19 start
wall 7 q^19 OK degree=21 endpoint0=2.06133939894432660697880943168E-38 endpoint1=4.26182833361341106035791623546E-37
wall 7 q^20 start
wall 7 q^20 OK degree=21 endpoint0=3.44979078010934201657124789666E-42 endpoint1=7.27946188227102014547417704944E-41
wall 7 q^21 start
wall 7 q^21 OK degree=21 endpoint0=3.44561609201631211055376913622E-46 endpoint1=7.42288322449496900028113366090E-45
wall 7 q^22 start
wall 7 q^22 OK degree=21 endpoint0=1.54931304546357381874417983845E-50 endpoint1=3.40848870001986240123719564460E-49
wall 7 OK elapsed=12411s
RESULT d=11 TRANSVERSE_PASS elapsed=12411s
