d=11 H_degree=10 H=-r**10 + 4620*r**9 - 8690220*r**8 + 8667046080*r**7 - 5005219111200*r**6 + 1717791198963840*r**5 - 346421225124374400*r**4 + 39195087185500646400*r**3 - 2263516284962662329600*r**2 + 55330398076865079168000*r - 365180627307309522508800
critical_squares=10.11441114282087, 40.67718806741292, 92.37406035918712, 166.4467584431208, 264.8763932188643, 390.7352943118552, 548.8926258127930, 747.5972809158724, 1002.804127377754, 1355.481860350320
Q_degrees q=22 s=21 r=9
wall 9/10 r=1002.80412737775364
wall 9 q^1 start
wall 9 q^1 OK degree=21 endpoint0=5431963037.85384959923808381125 endpoint1=129231848358.836609495687188832
wall 9 q^2 start
wall 9 q^2 OK degree=21 endpoint0=831625191.717672521748397718657 endpoint1=19210005656.7377607423192578073
wall 9 q^3 start
wall 9 q^3 OK degree=21 endpoint0=44440973.5148875921666399997210 endpoint1=1013247312.38513037902594449602
wall 9 q^4 start
wall 9 q^4 OK degree=21 endpoint0=1146263.57169798042004536881513 endpoint1=25709980.2595506376791301839490
wall 9 q^5 start
wall 9 q^5 OK degree=21 endpoint0=16462.4659268889437619880644215 endpoint1=361486.047446902136473636142301
wall 9 q^6 start
wall 9 q^6 OK degree=21 endpoint0=144.783664645430315761470087362 endpoint1=3110.99070411283567594365510355
wall 9 q^7 start
wall 9 q^7 OK degree=21 endpoint0=0.835206737191803546917107520711 endpoint1=17.6014881559506698054872418533
wall 9 q^8 start
wall 9 q^8 OK degree=21 endpoint0=0.00332275114478526725144117197190 endpoint1=0.0689158372898461439481620210699
wall 9 q^9 start
wall 9 q^9 OK degree=21 endpoint0=0.00000945820933641240436309679285948 endpoint1=0.000193782354002081502184457241114
wall 9 q^10 start
wall 9 q^10 OK degree=21 endpoint0=1.97904510602173793873383152073E-8 endpoint1=4.01997669884365664099258667577E-7
wall 9 q^11 start
wall 9 q^11 OK degree=21 endpoint0=3.10420421949362583916461205038E-11 endpoint1=6.27261656512665004832956123033E-10
wall 9 q^12 start
wall 9 q^12 OK degree=21 endpoint0=3.70042543346011535543935528021E-14 endpoint1=7.46128770498024162596010909060E-13
wall 9 q^13 start
wall 9 q^13 OK degree=21 endpoint0=3.38190625108513965689073451966E-17 endpoint1=6.82310264784869133559792497810E-16
wall 9 q^14 start
wall 9 q^14 OK degree=21 endpoint0=2.37964370724793440389530974122E-20 endpoint1=4.81562233041562884746556193667E-19
wall 9 q^15 start
wall 9 q^15 OK degree=21 endpoint0=1.28872990502524351810270891575E-23 endpoint1=2.62157116281538240494371559836E-22
wall 9 q^16 start
wall 9 q^16 OK degree=21 endpoint0=5.34292646372762232664440204450E-27 endpoint1=1.09462546195037488328334729421E-25
wall 9 q^17 start
wall 9 q^17 OK degree=21 endpoint0=1.67615893562349400130728789834E-30 endpoint1=3.46429397450890867093304733457E-29
wall 9 q^18 start
wall 9 q^18 OK degree=21 endpoint0=3.89898681903438269233723973927E-34 endpoint1=8.14143169724769565457478097346E-33
wall 9 q^19 start
wall 9 q^19 OK degree=21 endpoint0=6.50088086381642350975223911519E-38 endpoint1=1.37317634470067634432278319431E-36
wall 9 q^20 start
wall 9 q^20 OK degree=21 endpoint0=7.32862763887477673341441571778E-42 endpoint1=1.56770939493416299917197947902E-40
wall 9 q^21 start
wall 9 q^21 OK degree=21 endpoint0=4.99276831590952845606927911244E-46 endpoint1=1.08266181170600449604152556086E-44
wall 9 q^22 start
wall 9 q^22 OK degree=21 endpoint0=1.54931304546357381874417983845E-50 endpoint1=3.40848870001986240123719564460E-49
wall 9 OK elapsed=12423s
RESULT d=11 TRANSVERSE_PASS elapsed=12423s
