d=11 H_degree=10 H=-r**10 + 4620*r**9 - 8690220*r**8 + 8667046080*r**7 - 5005219111200*r**6 + 1717791198963840*r**5 - 346421225124374400*r**4 + 39195087185500646400*r**3 - 2263516284962662329600*r**2 + 55330398076865079168000*r - 365180627307309522508800
critical_squares=10.11441114282087, 40.67718806741292, 92.37406035918712, 166.4467584431208, 264.8763932188643, 390.7352943118552, 548.8926258127930, 747.5972809158724, 1002.804127377754, 1355.481860350320
Q_degrees q=22 s=21 r=9
wall 5/10 r=264.876393218864280
wall 5 q^1 start
wall 5 q^1 OK degree=21 endpoint0=381.697655578569706465184046847 endpoint1=2679.48625352738458380387669175
wall 5 q^2 start
wall 5 q^2 OK degree=21 endpoint0=106.933413575224867429274404314 endpoint1=831.485977228001875882226392130
wall 5 q^3 start
wall 5 q^3 OK degree=21 endpoint0=11.1598042190685073871916829524 endpoint1=95.9815863060618826366005563730
wall 5 q^4 start
wall 5 q^4 OK degree=21 endpoint0=0.588144443258293953369184516469 endpoint1=5.53803312325498921872519345950
wall 5 q^5 start
wall 5 q^5 OK degree=21 endpoint0=0.0181035984724060071258478446943 endpoint1=0.185020828671327343976777456415
wall 5 q^6 start
wall 5 q^6 OK degree=21 endpoint0=0.000355294938600955405412381340910 endpoint1=0.00391265074859033895723248381290
wall 5 q^7 start
wall 5 q^7 OK degree=21 endpoint0=0.00000470912871769685547942027814822 endpoint1=0.0000555303883376566324285605638568
wall 5 q^8 start
wall 5 q^8 OK degree=21 endpoint0=4.38644691925333201165731668948E-8 endpoint1=5.50866923448354818509852674566E-7
wall 5 q^9 start
wall 5 q^9 OK degree=21 endpoint0=2.95404100637818367390382650893E-10 endpoint1=3.93201817988930811483074334116E-9
wall 5 q^10 start
wall 5 q^10 OK degree=21 endpoint0=1.46783882023473032887155703838E-12 endpoint1=2.06206092276998939454918800676E-11
wall 5 q^11 start
wall 5 q^11 OK degree=21 endpoint0=5.45906364292846061727936842571E-15 endpoint1=8.06354995425638527128804414271E-14
wall 5 q^12 start
wall 5 q^12 OK degree=21 endpoint0=1.53415230489658075061672278450E-17 endpoint1=2.37464731189822372925725052190E-16
wall 5 q^13 start
wall 5 q^13 OK degree=21 endpoint0=3.27540873867427480552370000704E-20 endpoint1=5.29682059611666582490147947907E-19
wall 5 q^14 start
wall 5 q^14 OK degree=21 endpoint0=5.32066492842380021283133977472E-23 endpoint1=8.96558140991295576581489800417E-22
wall 5 q^15 start
wall 5 q^15 OK degree=21 endpoint0=6.55993333888453555760751759825E-26 endpoint1=1.14909707866908045455297744590E-24
wall 5 q^16 start
wall 5 q^16 OK degree=21 endpoint0=6.09567469718987243236510580481E-29 endpoint1=1.10773547235711716769183455328E-27
wall 5 q^17 start
wall 5 q^17 OK degree=21 endpoint0=4.21471591275588639489920560863E-32 endpoint1=7.93182008100935139941331339639E-31
wall 5 q^18 start
wall 5 q^18 OK degree=21 endpoint0=2.12314710600431726309280971460E-35 endpoint1=4.13159630161123489173441739241E-34
wall 5 q^19 start
wall 5 q^19 OK degree=21 endpoint0=7.52926295470364326055699627655E-39 endpoint1=1.51308394710399737042687367383E-37
wall 5 q^20 start
wall 5 q^20 OK degree=21 endpoint0=1.77285101330875168740071624087E-42 endpoint1=3.67517123927228780361204619602E-41
wall 5 q^21 start
wall 5 q^21 OK degree=21 endpoint0=2.47754997259769303658431380108E-46 endpoint1=5.29313776177400703754833192359E-45
wall 5 q^22 start
wall 5 q^22 OK degree=21 endpoint0=1.54931304546357381874417983845E-50 endpoint1=3.40848870001986240123719564460E-49
wall 5 OK elapsed=12408s
RESULT d=11 TRANSVERSE_PASS elapsed=12408s
