d=11 H_degree=10 H=-r**10 + 4620*r**9 - 8690220*r**8 + 8667046080*r**7 - 5005219111200*r**6 + 1717791198963840*r**5 - 346421225124374400*r**4 + 39195087185500646400*r**3 - 2263516284962662329600*r**2 + 55330398076865079168000*r - 365180627307309522508800
critical_squares=10.11441114282087, 40.67718806741292, 92.37406035918712, 166.4467584431208, 264.8763932188643, 390.7352943118552, 548.8926258127930, 747.5972809158724, 1002.804127377754, 1355.481860350320
Q_degrees q=22 s=21 r=9
wall 4/10 r=166.446758443120771
wall 4 q^1 start
wall 4 q^1 OK degree=21 endpoint0=41.9678412533014650621707808027 endpoint1=200.727185241199370039467235868
wall 4 q^2 start
wall 4 q^2 OK degree=21 endpoint0=12.4686199235156446416367206019 endpoint1=70.3004602228163468071832526217
wall 4 q^3 start
wall 4 q^3 OK degree=21 endpoint0=1.38586332056127662089014261655 endpoint1=9.05648505018494435064521204800
wall 4 q^4 start
wall 4 q^4 OK degree=21 endpoint0=0.0780571957867731092664666396213 endpoint1=0.579675224959436288347164096337
wall 4 q^5 start
wall 4 q^5 OK degree=21 endpoint0=0.00257776994590755270553263158454 endpoint1=0.0214245807101273578579561381366
wall 4 q^6 start
wall 4 q^6 OK degree=21 endpoint0=0.0000545034654143478629316338491159 endpoint1=0.000500868595032375367368755446076
wall 4 q^7 start
wall 4 q^7 OK degree=21 endpoint0=7.81751577590835467946005072920E-7 endpoint1=0.00000786509321663664191341942146564
wall 4 q^8 start
wall 4 q^8 OK degree=21 endpoint0=7.91781119672344373877121838569E-9 endpoint1=8.64968074367799323717798860329E-8
wall 4 q^9 start
wall 4 q^9 OK degree=21 endpoint0=5.82741042267003712368466227067E-11 endpoint1=6.86440432697892168965145661175E-10
wall 4 q^10 start
wall 4 q^10 OK degree=21 endpoint0=3.18149430202616312718416367659E-13 endpoint1=4.01689411775326554333547139776E-12
wall 4 q^11 start
wall 4 q^11 OK degree=21 endpoint0=1.30737274202907525550335082196E-15 endpoint1=1.76007028258257593604301714613E-14
wall 4 q^12 start
wall 4 q^12 OK degree=21 endpoint0=4.08313730073028101036680894837E-18 endpoint1=5.83459372911706817883185784837E-17
wall 4 q^13 start
wall 4 q^13 OK degree=21 endpoint0=9.74522316655727600656973443101E-21 endpoint1=1.47209755711590942471093146271E-19
wall 4 q^14 start
wall 4 q^14 OK degree=21 endpoint0=1.78006487949982377524489464429E-23 endpoint1=2.83232118057280933505954723496E-22
wall 4 q^15 start
wall 4 q^15 OK degree=21 endpoint0=2.48184459965657611805797472995E-26 endpoint1=4.14611861703872296563404805534E-25
wall 4 q^16 start
wall 4 q^16 OK degree=21 endpoint0=2.62184386256450938155014944778E-29 endpoint1=4.58541060873206019851584285507E-28
wall 4 q^17 start
wall 4 q^17 OK degree=21 endpoint0=2.07079005778858129763222600227E-32 endpoint1=3.78169238792095367368646129198E-31
wall 4 q^18 start
wall 4 q^18 OK degree=21 endpoint0=1.19648734403169609151416221840E-35 endpoint1=2.27630765132493841452183142229E-34
wall 4 q^19 start
wall 4 q^19 OK degree=21 endpoint0=4.88291682344827519945083324555E-39 endpoint1=9.65782003350005092264502908432E-38
wall 4 q^20 start
wall 4 q^20 OK degree=21 endpoint0=1.32640967642826020480887207409E-42 endpoint1=2.72245016316313083455377828245E-41
wall 4 q^21 start
wall 4 q^21 OK degree=21 endpoint0=2.14205367471748920149899535318E-46 endpoint1=4.55504590643755860036063133821E-45
wall 4 q^22 start
wall 4 q^22 OK degree=21 endpoint0=1.54931304546357381874417983845E-50 endpoint1=3.40848870001986240123719564460E-49
wall 4 OK elapsed=12409s
RESULT d=11 TRANSVERSE_PASS elapsed=12409s
