d=11 H_degree=10 H=-r**10 + 4620*r**9 - 8690220*r**8 + 8667046080*r**7 - 5005219111200*r**6 + 1717791198963840*r**5 - 346421225124374400*r**4 + 39195087185500646400*r**3 - 2263516284962662329600*r**2 + 55330398076865079168000*r - 365180627307309522508800
critical_squares=10.11441114282087, 40.67718806741292, 92.37406035918712, 166.4467584431208, 264.8763932188643, 390.7352943118552, 548.8926258127930, 747.5972809158724, 1002.804127377754, 1355.481860350320
Q_degrees q=22 s=21 r=9
wall 10/10 r=1355.48186035031981
wall 10 q^1 start
wall 10 q^1 OK degree=21 endpoint0=12875717680648.4834972821821457 endpoint1=409530303024078.287304465692805
wall 10 q^2 start
wall 10 q^2 OK degree=21 endpoint0=1189403597912.53777709053273943 endpoint1=34512618762509.9746904575546043
wall 10 q^3 start
wall 10 q^3 OK degree=21 endpoint0=34494790016.1134719784387722965 endpoint1=922706906893.950131488040853140
wall 10 q^4 start
wall 10 q^4 OK degree=21 endpoint0=480745622.738125359106278759524 endpoint1=12078353783.0648818958814296627
wall 10 q^5 start
wall 10 q^5 OK degree=21 endpoint0=3886490.91122787895374299779703 endpoint1=93000492.5598507335736021038388
wall 10 q^6 start
wall 10 q^6 OK degree=21 endpoint0=20229.0617569348189536126542897 endpoint1=465892.247726751963674906962900
wall 10 q^7 start
wall 10 q^7 OK degree=21 endpoint0=72.3606840146195303393305583781 endpoint1=1617.13285597689467985403188020
wall 10 q^8 start
wall 10 q^8 OK degree=21 endpoint0=0.185848476463906706136891498474 endpoint1=4.05697486026237050422570427864
wall 10 q^9 start
wall 10 q^9 OK degree=21 endpoint0=0.000353375399736566208526121271676 endpoint1=0.00757623326828947778287841148278
wall 10 q^10 start
wall 10 q^10 OK degree=21 endpoint0=5.08363928536493379436261578185E-7 endpoint1=0.0000107539260244923175954073315231
wall 10 q^11 start
wall 10 q^11 OK degree=21 endpoint0=5.61843411217293227975816821437E-10 endpoint1=1.17731852419002796681301389234E-8
wall 10 q^12 start
wall 10 q^12 OK degree=21 endpoint0=4.81950751863398977705771789252E-13 endpoint1=1.00379512615395201693701237968E-11
wall 10 q^13 start
wall 10 q^13 OK degree=21 endpoint0=3.22783238061253419699574732734E-16 endpoint1=6.70196264207680284921600831042E-15
wall 10 q^14 start
wall 10 q^14 OK degree=21 endpoint0=1.69110384332058012664341671634E-19 endpoint1=3.50940296140392514450861871171E-18
wall 10 q^15 start
wall 10 q^15 OK degree=21 endpoint0=6.91536238519382791110186863715E-23 endpoint1=1.43759172122871092036842458181E-21
wall 10 q^16 start
wall 10 q^16 OK degree=21 endpoint0=2.19193392770180762865625971354E-26 endpoint1=4.57375486733652860973355813830E-25
wall 10 q^17 start
wall 10 q^17 OK degree=21 endpoint0=5.31599617237337447580041644299E-30 endpoint1=1.11536988648905730754200535637E-28
wall 10 q^18 start
wall 10 q^18 OK degree=21 endpoint0=9.65567026104848450585541447060E-34 endpoint1=2.04023035412472462582596454843E-32
wall 10 q^19 start
wall 10 q^19 OK degree=21 endpoint0=1.26849743721365679461215709145E-37 endpoint1=2.70298117630832687912737870286E-36
wall 10 q^20 start
wall 10 q^20 OK degree=21 endpoint0=1.13604649026966849090657055686E-41 endpoint1=2.44416157613771627631430152634E-40
wall 10 q^21 start
wall 10 q^21 OK degree=21 endpoint0=6.19486638349514266214830848808E-46 endpoint1=1.34712338657483962137891202350E-44
wall 10 q^22 start
wall 10 q^22 OK degree=21 endpoint0=1.54931304546357381874417983845E-50 endpoint1=3.40848870001986240123719564460E-49
wall 10 OK elapsed=12472s
RESULT d=11 TRANSVERSE_PASS elapsed=12472s
