d=11 H_degree=10 H=-r**10 + 4620*r**9 - 8690220*r**8 + 8667046080*r**7 - 5005219111200*r**6 + 1717791198963840*r**5 - 346421225124374400*r**4 + 39195087185500646400*r**3 - 2263516284962662329600*r**2 + 55330398076865079168000*r - 365180627307309522508800
critical_squares=10.11441114282087, 40.67718806741292, 92.37406035918712, 166.4467584431208, 264.8763932188643, 390.7352943118552, 548.8926258127930, 747.5972809158724, 1002.804127377754, 1355.481860350320
Q_degrees q=22 s=21 r=9
wall 3/10 r=92.3740603591871189
wall 3 q^1 start
wall 3 q^1 OK degree=21 endpoint0=7.95989557458189117500448110280 endpoint1=24.6709836259285740963420048899
wall 3 q^2 start
wall 3 q^2 OK degree=21 endpoint0=2.46639713375511089093829669419 endpoint1=9.92087548745448036907364488595
wall 3 q^3 start
wall 3 q^3 OK degree=21 endpoint0=0.286729244274180161347603542749 endpoint1=1.42436161412585426365560078013
wall 3 q^4 start
wall 3 q^4 OK degree=21 endpoint0=0.0169316477195147410748482573282 endpoint1=0.100067535834811672952362375527
wall 3 q^5 start
wall 3 q^5 OK degree=21 endpoint0=0.000587777589315687316412875504757 endpoint1=0.00402587007207557876935295309728
wall 3 q^6 start
wall 3 q^6 OK degree=21 endpoint0=0.0000131012191643600997636804729421 endpoint1=0.000101994795038085186122130355966
wall 3 q^7 start
wall 3 q^7 OK degree=21 endpoint0=1.98705970649785412293014716933E-7 endpoint1=0.00000173217381154140179788721246935
wall 3 q^8 start
wall 3 q^8 OK degree=21 endpoint0=2.13523111836515321254196572982E-9 endpoint1=2.05951663579340504591705391444E-8
wall 3 q^9 start
wall 3 q^9 OK degree=21 endpoint0=1.67328834668429387264342784441E-11 endpoint1=1.76853128158989781276739528483E-10
wall 3 q^10 start
wall 3 q^10 OK degree=21 endpoint0=9.76475205214364868245564893364E-14 endpoint1=1.12180202927872404121448738038E-12
wall 3 q^11 start
wall 3 q^11 OK degree=21 endpoint0=4.30695882560674268516947573392E-16 endpoint1=5.34160011707007157301147984668E-15
wall 3 q^12 start
wall 3 q^12 OK degree=21 endpoint0=1.45024817628855546583035764737E-18 endpoint1=1.93038083085776393576099006900E-17
wall 3 q^13 start
wall 3 q^13 OK degree=21 endpoint0=3.74956547740200097823471910511E-21 endpoint1=5.32930984918525221179943617923E-20
wall 3 q^14 start
wall 3 q^14 OK degree=21 endpoint0=7.45675377034717508108013354352E-24 endpoint1=1.12665009659036645369048479038E-22
wall 3 q^15 start
wall 3 q^15 OK degree=21 endpoint0=1.13789309725827536518469874100E-26 endpoint1=1.82042016063119413659744143991E-25
wall 3 q^16 start
wall 3 q^16 OK degree=21 endpoint0=1.32285324752444988235474648656E-29 endpoint1=2.23295043244436310972314543335E-28
wall 3 q^17 start
wall 3 q^17 OK degree=21 endpoint0=1.15616793355233818730545133674E-32 endpoint1=2.05261735683790708798852071618E-31
wall 3 q^18 start
wall 3 q^18 OK degree=21 endpoint0=7.43291024290809760722297013607E-36 endpoint1=1.38395615192696026385468565649E-34
wall 3 q^19 start
wall 3 q^19 OK degree=21 endpoint0=3.39314491532754903095423653848E-39 endpoint1=6.60871003658077764022897415532E-38
wall 3 q^20 start
wall 3 q^20 OK degree=21 endpoint0=1.03617294874902116051736004041E-42 endpoint1=2.10609170154595536890808503997E-41
wall 3 q^21 start
wall 3 q^21 OK degree=21 endpoint0=1.88957772031841843599850285360E-46 endpoint1=3.99959880675960291625954783914E-45
wall 3 q^22 start
wall 3 q^22 OK degree=21 endpoint0=1.54931304546357381874417983845E-50 endpoint1=3.40848870001986240123719564460E-49
wall 3 OK elapsed=12390s
RESULT d=11 TRANSVERSE_PASS elapsed=12390s
