XICHECK — Szego/Turan trap audit of Phi_{xi,0} (dps=1000)
Xi(0) gate: 0.49712077818831 [97s]
z*(100) = 393.297  (trust boundary: nu(z)=K)
z*(140) = 658.775  (trust boundary: nu(z)=K)
z*(240) = 1530.94  (trust boundary: nu(z)=K)
z*(360) = 2923.36  (trust boundary: nu(z)=K)
K=140 re-root done [2026s]
K=140 nonreal roots (upper half), with central index:
  z=(115.46286 + 4.5090888j)  |z|=115.551 nu=43 ln(T_K/T_nu)=-99.52 FAITHFUL
  z=(116.31106 + 8.737234j)  |z|=116.639 nu=44 ln(T_K/T_nu)=-98.62 FAITHFUL
  z=(117.03992 + 13.015648j)  |z|=117.761 nu=44 ln(T_K/T_nu)=-97.7 FAITHFUL
  z=(117.64439 + 17.357634j)  |z|=118.918 nu=44 ln(T_K/T_nu)=-96.76 FAITHFUL
  z=(118.12605 + 21.770378j)  |z|=120.115 nu=45 ln(T_K/T_nu)=-95.8 FAITHFUL
  z=(118.48161 + 26.258377j)  |z|=121.356 nu=45 ln(T_K/T_nu)=-94.82 FAITHFUL
  z=(118.70603 + 30.823216j)  |z|=122.643 nu=45 ln(T_K/T_nu)=-93.82 FAITHFUL
  z=(118.79402 + 35.464874j)  |z|=123.975 nu=46 ln(T_K/T_nu)=-92.79 FAITHFUL
  z=(118.74028 + 40.182589j)  |z|=125.355 nu=46 ln(T_K/T_nu)=-91.75 FAITHFUL
  z=(118.5395 + 44.975267j)  |z|=126.785 nu=46 ln(T_K/T_nu)=-90.69 FAITHFUL
  z=(118.18621 + 49.841633j)  |z|=128.266 nu=47 ln(T_K/T_nu)=-89.6 FAITHFUL
  z=(117.67481 + 54.780283j)  |z|=129.801 nu=47 ln(T_K/T_nu)=-88.49 FAITHFUL
  z=(116.99946 + 59.789692j)  |z|=131.391 nu=47 ln(T_K/T_nu)=-87.36 FAITHFUL
  z=(116.15408 + 64.868211j)  |z|=133.04 nu=48 ln(T_K/T_nu)=-86.21 FAITHFUL
  z=(115.13232 + 70.014056j)  |z|=134.749 nu=48 ln(T_K/T_nu)=-85.04 FAITHFUL
  z=(113.92758 + 75.225302j)  |z|=136.522 nu=49 ln(T_K/T_nu)=-83.84 FAITHFUL
  z=(112.53291 + 80.499864j)  |z|=138.361 nu=49 ln(T_K/T_nu)=-82.62 FAITHFUL
  z=(110.94106 + 85.835487j)  |z|=140.27 nu=50 ln(T_K/T_nu)=-81.38 FAITHFUL
  z=(109.14442 + 91.229731j)  |z|=142.251 nu=50 ln(T_K/T_nu)=-80.11 FAITHFUL
  z=(107.13499 + 96.679953j)  |z|=144.308 nu=51 ln(T_K/T_nu)=-78.82 FAITHFUL
  z=(104.90438 + 102.18329j)  |z|=146.446 nu=51 ln(T_K/T_nu)=-77.52 FAITHFUL
  z=(102.44372 + 107.73663j)  |z|=148.667 nu=52 ln(T_K/T_nu)=-76.18 FAITHFUL
  z=(99.743697 + 113.3366j)  |z|=150.977 nu=52 ln(T_K/T_nu)=-74.82 FAITHFUL
  z=(96.794434 + 118.97954j)  |z|=153.38 nu=53 ln(T_K/T_nu)=-73.44 FAITHFUL
  z=(93.585507 + 124.66147j)  |z|=155.88 nu=53 ln(T_K/T_nu)=-72.03 FAITHFUL
  z=(90.105857 + 130.37803j)  |z|=158.485 nu=54 ln(T_K/T_nu)=-70.6 FAITHFUL
  z=(86.343748 + 136.1245j)  |z|=161.199 nu=55 ln(T_K/T_nu)=-69.15 FAITHFUL
  z=(82.28669 + 141.89572j)  |z|=164.029 nu=55 ln(T_K/T_nu)=-67.67 FAITHFUL
  z=(77.921371 + 147.68601j)  |z|=166.982 nu=56 ln(T_K/T_nu)=-66.16 FAITHFUL
  z=(73.233571 + 153.48921j)  |z|=170.065 nu=57 ln(T_K/T_nu)=-64.63 FAITHFUL
  z=(68.208061 + 159.2985j)  |z|=173.287 nu=57 ln(T_K/T_nu)=-63.07 FAITHFUL
  z=(62.828498 + 165.10642j)  |z|=176.657 nu=58 ln(T_K/T_nu)=-61.49 FAITHFUL
  z=(57.077296 + 170.90473j)  |z|=180.184 nu=59 ln(T_K/T_nu)=-59.88 FAITHFUL
  z=(50.935475 + 176.68434j)  |z|=183.88 nu=60 ln(T_K/T_nu)=-58.24 FAITHFUL
  z=(44.382496 + 182.43517j)  |z|=187.756 nu=61 ln(T_K/T_nu)=-56.57 FAITHFUL
  z=(37.39606 + 188.14605j)  |z|=191.826 nu=61 ln(T_K/T_nu)=-54.88 FAITHFUL
  z=(29.951875 + 193.80452j)  |z|=196.105 nu=62 ln(T_K/T_nu)=-53.15 FAITHFUL
  z=(22.02338 + 199.39666j)  |z|=200.609 nu=63 ln(T_K/T_nu)=-51.4 FAITHFUL
  z=(13.581418 + 204.90688j)  |z|=205.356 nu=64 ln(T_K/T_nu)=-49.62 FAITHFUL
  z=(4.593846 + 210.3176j)  |z|=210.368 nu=65 ln(T_K/T_nu)=-47.81 FAITHFUL
  z=(-4.9749384 + 215.60898j)  |z|=215.666 nu=67 ln(T_K/T_nu)=-45.97 FAITHFUL
  z=(-15.164571 + 220.75848j)  |z|=221.279 nu=68 ln(T_K/T_nu)=-44.1 FAITHFUL
  z=(-26.019427 + 225.74035j)  |z|=227.235 nu=69 ln(T_K/T_nu)=-42.2 FAITHFUL
  z=(-37.589492 + 230.52505j)  |z|=233.57 nu=70 ln(T_K/T_nu)=-40.26 FAITHFUL
  z=(-49.931465 + 235.07845j)  |z|=240.323 nu=72 ln(T_K/T_nu)=-38.29 FAITHFUL
  z=(-63.110146 + 239.36083j)  |z|=247.541 nu=73 ln(T_K/T_nu)=-36.29 FAITHFUL
  z=(-77.200231 + 243.32562j)  |z|=255.279 nu=75 ln(T_K/T_nu)=-34.25 FAITHFUL
  z=(-92.28866 + 246.91771j)  |z|=263.601 nu=76 ln(T_K/T_nu)=-32.18 FAITHFUL
  z=(-108.47774 + 250.07123j)  |z|=272.586 nu=78 ln(T_K/T_nu)=-30.07 FAITHFUL
  z=(-125.88938 + 252.70649j)  |z|=282.327 nu=80 ln(T_K/T_nu)=-27.93 FAITHFUL
  z=(-144.67099 + 254.72584j)  |z|=292.942 nu=82 ln(T_K/T_nu)=-25.74 FAITHFUL
  z=(-165.00391 + 256.00762j)  |z|=304.575 nu=84 ln(T_K/T_nu)=-23.52 FAITHFUL
  z=(-187.11574 + 256.39744j)  |z|=317.414 nu=86 ln(T_K/T_nu)=-21.25 FAITHFUL
  z=(-211.29939 + 255.69485j)  |z|=331.704 nu=89 ln(T_K/T_nu)=-18.94 FAITHFUL
  z=(-237.94334 + 253.63225j)  |z|=347.773 nu=92 ln(T_K/T_nu)=-16.59 FAITHFUL
  z=(-267.58312 + 249.83957j)  |z|=366.088 nu=95 ln(T_K/T_nu)=-14.19 FAITHFUL
  z=(-300.99515 + 243.7811j)  |z|=387.334 nu=98 ln(T_K/T_nu)=-11.75 FAITHFUL
  z=(-339.3855 + 234.63162j)  |z|=412.595 nu=103 ln(T_K/T_nu)=-9.26 FAITHFUL
  z=(-384.82574 + 221.00092j)  |z|=443.771 nu=108 ln(T_K/T_nu)=-6.726 FAITHFUL
  z=(-441.49991 + 200.18936j)  |z|=484.766 nu=114 ln(T_K/T_nu)=-4.159 FAITHFUL
  z=(-521.00933 + 165.32465j)  |z|=546.61 nu=124 ln(T_K/T_nu)=-1.612 SZEGO-BAND
Onset set: 60 zeros below 0.8*z*(140)=527.02
z0=(115.463 + 4.50909j) rho=1.725 :  K=140 count=1.0(min|f|=1.55e-20)  K=240 count=-1.46e-1002(min|f|=8.39e-21)  K=360 count=7.73e-1002(min|f|=8.39e-21)  [2036s]
z0=(116.311 + 8.73723j) rho=1.725 :  K=140 count=1.0(min|f|=5.86e-20)  K=240 count=1.83e-1001(min|f|=2.99e-20)  K=360 count=8.31e-1002(min|f|=2.99e-20)  [2046s]
z0=(117.04 + 13.0156j) rho=1.736 :  K=140 count=1.0(min|f|=2.25e-19)  K=240 count=-3.71e-1001(min|f|=1.14e-19)  K=360 count=-1.29e-1001(min|f|=1.14e-19)  [2055s]
z0=(117.644 + 17.3576j) rho=1.754 :  K=140 count=1.0(min|f|=8.83e-19)  K=240 count=1.59e-1001(min|f|=4.49e-19)  K=360 count=-1.93e-1001(min|f|=4.49e-19)  [2065s]
z0=(118.126 + 21.7704j) rho=1.776 :  K=140 count=1.0(min|f|=3.57e-18)  K=240 count=8.62e-1002(min|f|=1.83e-18)  K=360 count=-8.43e-1003(min|f|=1.83e-18)  [2074s]
z0=(118.482 + 26.2584j) rho=1.801 :  K=140 count=1.0(min|f|=1.5e-17)  K=240 count=-1.49e-1001(min|f|=7.72e-18)  K=360 count=2.16e-1001(min|f|=7.72e-18)  [2084s]
z0=(118.706 + 30.8232j) rho=1.828 :  K=140 count=1.0(min|f|=6.51e-17)  K=240 count=-2.81e-1001(min|f|=3.39e-17)  K=360 count=2.33e-1001(min|f|=3.39e-17)  [2093s]
z0=(118.794 + 35.4649j) rho=1.857 :  K=140 count=1.0(min|f|=2.94e-16)  K=240 count=2.88e-1002(min|f|=1.54e-16)  K=360 count=9.57e-1002(min|f|=1.54e-16)  [2103s]
z0=(118.74 + 40.1826j) rho=1.887 :  K=140 count=1.0(min|f|=1.38e-15)  K=240 count=1.46e-1001(min|f|=7.29e-16)  K=360 count=3.44e-1001(min|f|=7.29e-16)  [2112s]
z0=(118.539 + 44.9753j) rho=1.919 :  K=140 count=1.0(min|f|=6.7e-15)  K=240 count=-5.91e-1003(min|f|=3.58e-15)  K=360 count=-2.69e-1002(min|f|=3.58e-15)  [2122s]
z0=(118.186 + 49.8416j) rho=1.952 :  K=140 count=1.0(min|f|=3.39e-14)  K=240 count=-5.49e-1002(min|f|=1.83e-14)  K=360 count=-7.67e-1002(min|f|=1.83e-14)  [2131s]
z0=(117.675 + 54.7803j) rho=1.986 :  K=140 count=1.0(min|f|=1.78e-13)  K=240 count=-2.93e-1001(min|f|=9.68e-14)  K=360 count=1.53e-1001(min|f|=9.68e-14)  [2141s]
z0=(116.999 + 59.7897j) rho=2.022 :  K=140 count=1.0(min|f|=9.74e-13)  K=240 count=-1.8e-1001(min|f|=5.35e-13)  K=360 count=2.32e-1001(min|f|=5.35e-13)  [2150s]
z0=(116.154 + 64.8682j) rho=2.059 :  K=140 count=1.0(min|f|=5.55e-12)  K=240 count=-1.11e-1001(min|f|=3.08e-12)  K=360 count=3.93e-1002(min|f|=3.08e-12)  [2160s]
z0=(115.132 + 70.0141j) rho=2.099 :  K=140 count=1.0(min|f|=3.3e-11)  K=240 count=5.68e-1002(min|f|=1.84e-11)  K=360 count=1.69e-1001(min|f|=1.84e-11)  [2169s]
z0=(113.928 + 75.2253j) rho=2.139 :  K=140 count=1.0(min|f|=2.05e-10)  K=240 count=-1.36e-1001(min|f|=1.15e-10)  K=360 count=-2.98e-1001(min|f|=1.15e-10)  [2179s]
z0=(112.533 + 80.4999j) rho=2.182 :  K=140 count=1.0(min|f|=1.32e-9)  K=240 count=-7.84e-1002(min|f|=7.54e-10)  K=360 count=2.27e-1001(min|f|=7.54e-10)  [2188s]
z0=(110.941 + 85.8355j) rho=2.227 :  K=140 count=1.0(min|f|=8.96e-9)  K=240 count=1.66e-1002(min|f|=5.15e-9)  K=360 count=7.45e-1002(min|f|=5.15e-9)  [2198s]
z0=(109.144 + 91.2297j) rho=2.274 :  K=140 count=1.0(min|f|=6.35e-8)  K=240 count=3.06e-1001(min|f|=3.68e-8)  K=360 count=2.63e-1001(min|f|=3.68e-8)  [2207s]
z0=(107.135 + 96.68j) rho=2.324 :  K=140 count=1.0(min|f|=4.72e-7)  K=240 count=8.4e-1002(min|f|=2.76e-7)  K=360 count=-1.55e-1001(min|f|=2.76e-7)  [2217s]
z0=(104.904 + 102.183j) rho=2.375 :  K=140 count=1.0(min|f|=3.67e-6)  K=240 count=1.03e-1001(min|f|=2.17e-6)  K=360 count=-6.68e-1002(min|f|=2.17e-6)  [2226s]
z0=(102.444 + 107.737j) rho=2.43 :  K=140 count=1.0(min|f|=3.0e-5)  K=240 count=-1.77e-1002(min|f|=1.79e-5)  K=360 count=-6.12e-1002(min|f|=1.79e-5)  [2236s]
z0=(99.7437 + 113.337j) rho=2.487 :  K=140 count=1.0(min|f|=0.000259)  K=240 count=3.03e-1001(min|f|=0.000155)  K=360 count=-2.04e-1001(min|f|=0.000155)  [2245s]
z0=(96.7944 + 118.98j) rho=2.547 :  K=140 count=1.0(min|f|=0.00234)  K=240 count=-3.34e-1002(min|f|=0.00142)  K=360 count=-4.28e-1001(min|f|=0.00142)  [2254s]
z0=(93.5855 + 124.661j) rho=2.61 :  K=140 count=1.0(min|f|=0.0224)  K=240 count=-7.78e-1002(min|f|=0.0137)  K=360 count=8.19e-1002(min|f|=0.0137)  [2263s]
z0=(90.1059 + 130.378j) rho=2.677 :  K=140 count=1.0(min|f|=0.227)  K=240 count=3.87e-1002(min|f|=0.14)  K=360 count=1.74e-1001(min|f|=0.14)  [2273s]
z0=(86.3437 + 136.125j) rho=2.747 :  K=140 count=1.0(min|f|=2.43)  K=240 count=4.2e-1002(min|f|=1.51)  K=360 count=-2.31e-1001(min|f|=1.51)  [2282s]
z0=(82.2867 + 141.896j) rho=2.822 :  K=140 count=1.0(min|f|=27.6)  K=240 count=-3.95e-1001(min|f|=17.3)  K=360 count=1.29e-1001(min|f|=17.3)  [2291s]
z0=(77.9214 + 147.686j) rho=2.901 :  K=140 count=1.0(min|f|=333.0)  K=240 count=-2.47e-1001(min|f|=211.0)  K=360 count=-2.17e-1001(min|f|=211.0)  [2300s]
z0=(73.2336 + 153.489j) rho=2.984 :  K=140 count=1.0(min|f|=4.28e+3)  K=240 count=5.74e-1002(min|f|=2.74e+3)  K=360 count=-9.43e-1002(min|f|=2.74e+3)  [2310s]
z0=(68.2081 + 159.298j) rho=3.073 :  K=140 count=1.0(min|f|=5.87e+4)  K=240 count=-6.21e-1003(min|f|=3.8e+4)  K=360 count=2.87e-1001(min|f|=3.8e+4)  [2319s]
z0=(62.8285 + 165.106j) rho=3.167 :  K=140 count=1.0(min|f|=8.63e+5)  K=240 count=-1.3e-1002(min|f|=5.64e+5)  K=360 count=-9.76e-1002(min|f|=5.64e+5)  [2328s]
z0=(57.0773 + 170.905j) rho=3.267 :  K=140 count=1.0(min|f|=1.36e+7)  K=240 count=3.37e-1002(min|f|=8.99e+6)  K=360 count=-2.13e-1002(min|f|=8.99e+6)  [2338s]
z0=(50.9355 + 176.684j) rho=3.373 :  K=140 count=1.0(min|f|=2.32e+8)  K=240 count=-5.74e-1002(min|f|=1.54e+8)  K=360 count=2.56e-1001(min|f|=1.54e+8)  [2347s]
z0=(44.3825 + 182.435j) rho=3.487 :  K=140 count=1.0(min|f|=4.25e+9)  K=240 count=8.9e-1002(min|f|=2.86e+9)  K=360 count=2.07e-1001(min|f|=2.86e+9)  [2357s]
z0=(37.3961 + 188.146j) rho=3.609 :  K=140 count=1.0(min|f|=8.47e+10)  K=240 count=5.41e-1002(min|f|=5.75e+10)  K=360 count=-1.08e-1001(min|f|=5.75e+10)  [2367s]
z0=(29.9519 + 193.805j) rho=3.74 :  K=140 count=1.0(min|f|=1.84e+12)  K=240 count=-1.57e-1001(min|f|=1.26e+12)  K=360 count=-2.54e-1002(min|f|=1.26e+12)  [2376s]
z0=(22.0234 + 199.397j) rho=3.881 :  K=140 count=1.0(min|f|=4.35e+13)  K=240 count=5.91e-1004(min|f|=3.01e+13)  K=360 count=-5.12e-1002(min|f|=3.01e+13)  [2386s]
z0=(13.5814 + 204.907j) rho=4.032 :  K=140 count=1.0(min|f|=1.13e+15)  K=240 count=-3.67e-1001(min|f|=7.92e+14)  K=360 count=-1.28e-1001(min|f|=7.92e+14)  [2395s]
z0=(4.59385 + 210.318j) rho=4.196 :  K=140 count=1.0(min|f|=3.26e+16)  K=240 count=8.13e-1002(min|f|=2.3e+16)  K=360 count=-1.19e-1001(min|f|=2.3e+16)  [2404s]
z0=(-4.97494 + 215.609j) rho=4.374 :  K=140 count=1.0(min|f|=1.04e+18)  K=240 count=5.2e-1002(min|f|=7.43e+17)  K=360 count=-3.13e-1002(min|f|=7.43e+17)  [2414s]
z0=(-15.1646 + 220.758j) rho=4.567 :  K=140 count=1.0(min|f|=3.73e+19)  K=240 count=1.83e-1002(min|f|=2.68e+19)  K=360 count=2.47e-1001(min|f|=2.68e+19)  [2424s]
z0=(-26.0194 + 225.74j) rho=4.777 :  K=140 count=1.0(min|f|=1.5e+21)  K=240 count=-1.29e-1001(min|f|=1.09e+21)  K=360 count=-4.31e-1001(min|f|=1.09e+21)  [2433s]
z0=(-37.5895 + 230.525j) rho=5.008 :  K=140 count=1.0(min|f|=6.89e+22)  K=240 count=3.13e-1002(min|f|=5.06e+22)  K=360 count=2.9e-1002(min|f|=5.06e+22)  [2443s]
z0=(-49.9315 + 235.078j) rho=5.262 :  K=140 count=1.0(min|f|=3.63e+24)  K=240 count=7.29e-1001(min|f|=2.69e+24)  K=360 count=-1.24e-1001(min|f|=2.69e+24)  [2452s]
z0=(-63.1101 + 239.361j) rho=5.543 :  K=140 count=1.0(min|f|=2.21e+26)  K=240 count=2.38e-1001(min|f|=1.66e+26)  K=360 count=1.36e-1001(min|f|=1.66e+26)  [2462s]
z0=(-77.2002 + 243.326j) rho=5.855 :  K=140 count=1.0(min|f|=1.59e+28)  K=240 count=-1.23e-1001(min|f|=1.2e+28)  K=360 count=2.38e-1001(min|f|=1.2e+28)  [2471s]
z0=(-92.2887 + 246.918j) rho=6.204 :  K=140 count=1.0(min|f|=1.36e+30)  K=240 count=8.69e-1002(min|f|=1.04e+30)  K=360 count=-2.26e-1001(min|f|=1.04e+30)  [2481s]
z0=(-108.478 + 250.071j) rho=6.597 :  K=140 count=1.0(min|f|=1.42e+32)  K=240 count=-6.45e-1002(min|f|=1.1e+32)  K=360 count=-3.94e-1001(min|f|=1.1e+32)  [2490s]
z0=(-125.889 + 252.706j) rho=7.044 :  K=140 count=1.0(min|f|=1.83e+34)  K=240 count=-7.93e-1002(min|f|=1.43e+34)  K=360 count=-1.38e-1001(min|f|=1.43e+34)  [2499s]
z0=(-144.671 + 254.726j) rho=7.556 :  K=140 count=1.0(min|f|=3.01e+36)  K=240 count=1.22e-1001(min|f|=2.38e+36)  K=360 count=2.22e-1001(min|f|=2.38e+36)  [2509s]
z0=(-165.004 + 256.008j) rho=8.149 :  K=140 count=1.0(min|f|=6.49e+38)  K=240 count=6.0e-1001(min|f|=5.19e+38)  K=360 count=-5.22e-1001(min|f|=5.19e+38)  [2518s]
z0=(-187.116 + 256.397j) rho=8.846 :  K=140 count=1.0(min|f|=1.91e+41)  K=240 count=6.83e-1001(min|f|=1.55e+41)  K=360 count=-1.01e-1001(min|f|=1.55e+41)  [2528s]
